../Core/Src/main.c:79:5:main	56	static
../Core/Src/main.c:132:6:SystemClock_Config	88	static
../Core/Src/main.c:179:13:MX_ADC1_Init	56	static
../Core/Src/main.c:265:13:MX_LPUART1_UART_Init	8	static
../Core/Src/main.c:312:13:MX_TIM2_Init	40	static
../Core/Src/main.c:357:13:MX_TIM3_Init	40	static
../Core/Src/main.c:400:13:MX_DMA_Init	16	static
../Core/Src/main.c:419:13:MX_GPIO_Init	48	static
../Core/Src/main.c:456:6:HAL_TIM_PeriodElapsedCallback	16	static
../Core/Src/main.c:469:6:Error_Handler	4	static,ignoring_inline_asm
