../Core/Src/main.c:89:5:main	96	static
../Core/Src/main.c:176:6:SystemClock_Config	88	static
../Core/Src/main.c:223:13:MX_ADC1_Init	56	static
../Core/Src/main.c:309:13:MX_LPUART1_UART_Init	8	static
../Core/Src/main.c:356:13:MX_TIM2_Init	40	static
../Core/Src/main.c:401:13:MX_TIM3_Init	40	static
../Core/Src/main.c:446:13:MX_TIM4_Init	64	static
../Core/Src/main.c:503:13:MX_DMA_Init	16	static
../Core/Src/main.c:522:13:MX_GPIO_Init	48	static
../Core/Src/main.c:559:6:HAL_TIM_PeriodElapsedCallback	16	static
../Core/Src/main.c:572:6:Error_Handler	4	static,ignoring_inline_asm
